[blackrockdigital.github.io/startbootstrap-agency/index.html]
[backblue.gif]
[fade.gif]
[index.html]
[blackrockdigital.github.io/startbootstrap-agency/vendor/bootstrap/css/bootstrap.min.css]
[blackrockdigital.github.io/startbootstrap-agency/vendor/fontawesome-free/css/all.min.css]
[blackrockdigital.github.io/startbootstrap-agency/css/agency.min.css]
[blackrockdigital.github.io/startbootstrap-agency/img/portfolio/01-thumbnail.jpg]
[blackrockdigital.github.io/startbootstrap-agency/img/portfolio/02-thumbnail.jpg]
[blackrockdigital.github.io/startbootstrap-agency/img/portfolio/03-thumbnail.jpg]
[blackrockdigital.github.io/startbootstrap-agency/img/portfolio/04-thumbnail.jpg]
[blackrockdigital.github.io/startbootstrap-agency/img/portfolio/05-thumbnail.jpg]
[blackrockdigital.github.io/startbootstrap-agency/img/portfolio/06-thumbnail.jpg]
[blackrockdigital.github.io/startbootstrap-agency/img/about/1.jpg]
[blackrockdigital.github.io/startbootstrap-agency/img/about/2.jpg]
[blackrockdigital.github.io/startbootstrap-agency/img/about/3.jpg]
[blackrockdigital.github.io/startbootstrap-agency/img/about/4.jpg]
[blackrockdigital.github.io/startbootstrap-agency/img/team/1.jpg]
[blackrockdigital.github.io/startbootstrap-agency/img/team/2.jpg]
[blackrockdigital.github.io/startbootstrap-agency/img/team/3.jpg]
[blackrockdigital.github.io/startbootstrap-agency/img/logos/envato.jpg]
[blackrockdigital.github.io/startbootstrap-agency/img/logos/designmodo.jpg]
[blackrockdigital.github.io/startbootstrap-agency/img/logos/themeforest.jpg]
[blackrockdigital.github.io/startbootstrap-agency/img/logos/creative-market.jpg]
[blackrockdigital.github.io/startbootstrap-agency/img/portfolio/01-full.jpg]
[blackrockdigital.github.io/startbootstrap-agency/img/portfolio/02-full.jpg]
[blackrockdigital.github.io/startbootstrap-agency/img/portfolio/03-full.jpg]
[blackrockdigital.github.io/startbootstrap-agency/img/portfolio/04-full.jpg]
[blackrockdigital.github.io/startbootstrap-agency/img/portfolio/05-full.jpg]
[blackrockdigital.github.io/startbootstrap-agency/img/portfolio/06-full.jpg]
[blackrockdigital.github.io/startbootstrap-agency/vendor/jquery/jquery.min.js]
[blackrockdigital.github.io/startbootstrap-agency/vendor/jquery-easing/jquery.easing.min.js]
[blackrockdigital.github.io/startbootstrap-agency/vendor/bootstrap/js/bootstrap.bundle.min.js]
[blackrockdigital.github.io/startbootstrap-agency/js/jqBootstrapValidation.js]
[blackrockdigital.github.io/startbootstrap-agency/js/contact_me.js]
[blackrockdigital.github.io/startbootstrap-agency/js/agency.min.js]
[blackrockdigital.github.io/startbootstrap-agency/index.html]
[blackrockdigital.github.io/startbootstrap-agency/vendor/bootstrap/css/bootstrap.min.css]
[blackrockdigital.github.io/startbootstrap-agency/vendor/fontawesome-free/webfonts/fa-brands-400.eot]
[blackrockdigital.github.io/startbootstrap-agency/vendor/fontawesome-free/webfonts/fa-brands-400.woff2]
[blackrockdigital.github.io/startbootstrap-agency/vendor/fontawesome-free/webfonts/fa-brands-400.woff]
[blackrockdigital.github.io/startbootstrap-agency/vendor/fontawesome-free/webfonts/fa-brands-400d41d.eot]
[blackrockdigital.github.io/startbootstrap-agency/vendor/fontawesome-free/webfonts/fa-brands-400.ttf]
[blackrockdigital.github.io/startbootstrap-agency/vendor/fontawesome-free/webfonts/fa-regular-400.eot]
[blackrockdigital.github.io/startbootstrap-agency/vendor/fontawesome-free/webfonts/fa-regular-400d41d.eot]
[blackrockdigital.github.io/startbootstrap-agency/vendor/fontawesome-free/webfonts/fa-regular-400.woff2]
[blackrockdigital.github.io/startbootstrap-agency/vendor/fontawesome-free/webfonts/fa-brands-400.svg]
[blackrockdigital.github.io/startbootstrap-agency/vendor/fontawesome-free/webfonts/fa-regular-400.woff]
[blackrockdigital.github.io/startbootstrap-agency/vendor/fontawesome-free/webfonts/fa-regular-400.ttf]
[blackrockdigital.github.io/startbootstrap-agency/vendor/fontawesome-free/webfonts/fa-regular-400.svg]
[blackrockdigital.github.io/startbootstrap-agency/vendor/fontawesome-free/webfonts/fa-solid-900.eot]
[blackrockdigital.github.io/startbootstrap-agency/vendor/fontawesome-free/webfonts/fa-solid-900.woff2]
[blackrockdigital.github.io/startbootstrap-agency/vendor/fontawesome-free/webfonts/fa-solid-900.woff]
[blackrockdigital.github.io/startbootstrap-agency/vendor/fontawesome-free/webfonts/fa-solid-900.ttf]
[blackrockdigital.github.io/startbootstrap-agency/vendor/fontawesome-free/webfonts/fa-solid-900d41d.eot]
[blackrockdigital.github.io/startbootstrap-agency/vendor/fontawesome-free/css/all.min.css]
[blackrockdigital.github.io/startbootstrap-agency/img/header-bg.jpg]
[blackrockdigital.github.io/startbootstrap-agency/img/map-image.png]
[blackrockdigital.github.io/startbootstrap-agency/css/agency.min.css]
[blackrockdigital.github.io/startbootstrap-agency/vendor/fontawesome-free/webfonts/fa-brands-400.svg]
[blackrockdigital.github.io/startbootstrap-agency/vendor/fontawesome-free/webfonts/fa-solid-900.svg]
[blackrockdigital.github.io/startbootstrap-agency/vendor/fontawesome-free/webfonts/fa-regular-400.svg]
[blackrockdigital.github.io/startbootstrap-agency/vendor/fontawesome-free/webfonts/fa-solid-900.svg]
